CN_CERNET_ANHUI 1
CN_CERNET_BEIJING 2
CN_CERNET_FUJIAN 3
CN_CERNET_GANSU 4
CN_CERNET_GUANGDONG 5
CN_CERNET_GUANGXI 6
CN_CERNET_GUIZHOU 7
CN_CERNET_HAINAN 8
CN_CERNET_HEBEI 9
CN_CERNET_HEILONGJIANG 10
CN_CERNET_HENAN 11
CN_CERNET_HUBEI 12
CN_CERNET_HUNAN 13
CN_CERNET_JIANGSU 14
CN_CERNET_JIANGXI 15
CN_CERNET_JILIN 16
CN_CERNET_LIAONING 17
CN_CERNET_NEIMENGGU 18
CN_CERNET_NINGXIA 19
CN_CERNET_QINGHAI 20
CN_CERNET_SHAANXI 21
CN_CERNET_SHANDONG 22
CN_CERNET_SHANGHAI 23
CN_CERNET_SHANXI 24
CN_CERNET_SICHUAN 25
CN_CERNET_TIANJIN 26
CN_CERNET_XICANG 27
CN_CERNET_XINJIANG 28
CN_CERNET_YUNNAN 29
CN_CERNET_ZHEJIANG 30
CN_CERNET_ZHONGQING 31
CN_CHINANET_ANHUI 32
CN_CHINANET_BEIJING 33
CN_CHINANET_FUJIAN 34
CN_CHINANET_GANSU 35
CN_CHINANET_GUANGDONG 36
CN_CHINANET_GUANGXI 37
CN_CHINANET_GUIZHOU 38
CN_CHINANET_HAINAN 39
CN_CHINANET_HEBEI 40
CN_CHINANET_HEILONGJIANG 41
CN_CHINANET_HENAN 42
CN_CHINANET_HUBEI 43
CN_CHINANET_HUNAN 44
CN_CHINANET_JIANGSU 45
CN_CHINANET_JIANGXI 46
CN_CHINANET_JILIN 47
CN_CHINANET_LIAONING 48
CN_CHINANET_NEIMENGGU 49
CN_CHINANET_NINGXIA 50
CN_CHINANET_OTHER 51
CN_CHINANET_QINGHAI 52
CN_CHINANET_SHAANXI 53
CN_CHINANET_SHANDONG 54
CN_CHINANET_SHANGHAI 55
CN_CHINANET_SHANXI 56
CN_CHINANET_SICHUAN 57
CN_CHINANET_TIANJIN 58
CN_CHINANET_XICANG 59
CN_CHINANET_XINJIANG 60
CN_CHINANET_YUNNAN 61
CN_CHINANET_ZHEJIANG 62
CN_CHINANET_ZHONGQING 63
CN_CMNET_ANHUI 64
CN_CMNET_BEIJING 65
CN_CMNET_FUJIAN 66
CN_CMNET_GANSU 67
CN_CMNET_GUANGDONG 68
CN_CMNET_GUANGXI 69
CN_CMNET_GUIZHOU 70
CN_CMNET_HAINAN 71
CN_CMNET_HEBEI 72
CN_CMNET_HEILONGJIANG 73
CN_CMNET_HENAN 74
CN_CMNET_HUBEI 75
CN_CMNET_HUNAN 76
CN_CMNET_JIANGSU 77
CN_CMNET_JIANGXI 78
CN_CMNET_JILIN 79
CN_CMNET_LIAONING 80
CN_CMNET_NEIMENGGU 81
CN_CMNET_NINGXIA 82
CN_CMNET_OTHER 83
CN_CMNET_QINGHAI 84
CN_CMNET_SHAANXI 85
CN_CMNET_SHANDONG 86
CN_CMNET_SHANGHAI 87
CN_CMNET_SHANXI 88
CN_CMNET_SICHUAN 89
CN_CMNET_TIANJIN 90
CN_CMNET_XICANG 91
CN_CMNET_XINJIANG 92
CN_CMNET_YUNNAN 93
CN_CMNET_ZHEJIANG 94
CN_CMNET_ZHONGQING 95
CN_OTHER 96
CN_OTHER_ANHUI 97
CN_OTHER_BEIJING 98
CN_OTHER_FUJIAN 99
CN_OTHER_GANSU 100
CN_OTHER_GUANGDONG 101
CN_OTHER_GUANGXI 102
CN_OTHER_GUIZHOU 103
CN_OTHER_HAINAN 104
CN_OTHER_HEBEI 105
CN_OTHER_HEILONGJIANG 106
CN_OTHER_HENAN 107
CN_OTHER_HUBEI 108
CN_OTHER_HUNAN 109
CN_OTHER_JIANGSU 110
CN_OTHER_JIANGXI 111
CN_OTHER_JILIN 112
CN_OTHER_LIAONING 113
CN_OTHER_NEIMENGGU 114
CN_OTHER_NINGXIA 115
CN_OTHER_QINGHAI 116
CN_OTHER_SHAANXI 117
CN_OTHER_SHANDONG 118
CN_OTHER_SHANGHAI 119
CN_OTHER_SHANXI 120
CN_OTHER_SICHUAN 121
CN_OTHER_TIANJIN 122
CN_OTHER_XICANG 123
CN_OTHER_XINJIANG 124
CN_OTHER_YUNNAN 125
CN_OTHER_ZHEJIANG 126
CN_OTHER_ZHONGQING 127
CN_UNICOM_ANHUI 128
CN_UNICOM_BEIJING 129
CN_UNICOM_FUJIAN 130
CN_UNICOM_GANSU 131
CN_UNICOM_GUANGDONG 132
CN_UNICOM_GUANGXI 133
CN_UNICOM_GUIZHOU 134
CN_UNICOM_HAINAN 135
CN_UNICOM_HEBEI 136
CN_UNICOM_HEILONGJIANG 137
CN_UNICOM_HENAN 138
CN_UNICOM_HUBEI 139
CN_UNICOM_HUNAN 140
CN_UNICOM_JIANGSU 141
CN_UNICOM_JIANGXI 142
CN_UNICOM_JILIN 143
CN_UNICOM_LIAONING 144
CN_UNICOM_NEIMENGGU 145
CN_UNICOM_NINGXIA 146
CN_UNICOM_OTHER 147
CN_UNICOM_QINGHAI 148
CN_UNICOM_SHAANXI 149
CN_UNICOM_SHANDONG 150
CN_UNICOM_SHANGHAI 151
CN_UNICOM_SHANXI 152
CN_UNICOM_SICHUAN 153
CN_UNICOM_TIANJIN 154
CN_UNICOM_XICANG 155
CN_UNICOM_XINJIANG 156
CN_UNICOM_YUNNAN 157
CN_UNICOM_ZHEJIANG 158
CN_UNICOM_ZHONGQING 159
CH 160
ES 161
MY 162
AE 163
FR 164
RU 165
SE 166
MX 167
TH 168
SG 169
NL 170
VN 171
KH 172
GB 173
BR 174
JP 175
HK 176
MM 177
OVERSEA_OTHER 178
MV 179
MO 180
NP 181
TW 182
IN 183
SA 184
KR 185
IT 186
PH 187
ID 188
DE 189
AU 190
NZ 191
AR 192
ZA 193
AT 194
LA 195
CA 196
EG 197
NG 198
AO 199
GH 200
CI 201
KE 202
SC 203
DZ 204
CM 205
MA 206
SN 207
MN 208
PK 209
KP 210
KZ 211
UZ 212
TR 213
IR 214
IQ 215
IL 216
KW 217
LB 218
QA 219
CZ 220
BE 221
IE 222
DK 223
FI 224
IS 225
HU 226
PL 227
SK 228
BY 229
LT 230
UA 231
BG 232
HR 233
PT 234
RO 235
SI 236
FJ 237
PW 238
CO 239
VE 240
EC 241
PE 242
BO 243
CL 244
PY 245
UY 246
SD 247
GN 248
TG 249
CF 250
GQ 251
GA 252
MU 253
MZ 254
NA 255
ZM 256
ZW 257
TN 258
BN 259
TL 260
BT 261
LK 262
KG 263
TJ 264
TM 265
AF 266
AZ 267
BH 268
CY 269
GE 270
JO 271
OM 272
SY 273
YE 274
MK 275
MT 276
RS 277
ME 278
EE 279
LV 280
MC 281
CR 282
HN 283
PA 284
CU 285
HT 286
JM 287
ET 288
TZ 289
UG 290
RW 291
BW 292
MG 293
BD 294
PS 295
NO 296
MD 297
LI 298
LU 299
AL 300
GR 301
DO 302
KY 303
US_NORTHEAST 304
US_NORTHWEST 305
US_SOUTHEAST 306
US_SOUTHWEST 307
US_NORTH 308
US_SOUTH 309
US_MOUNTAIN 310
US_OTHER 311
