BAIDU 1
BIYING 2
GOOGLE 3
YOUDAO 4
YAHOO 5
CN_CERNET_ANHUI 6
CN_CERNET_BEIJING 7
CN_CERNET_FUJIAN 8
CN_CERNET_GANSU 9
CN_CERNET_GUANGDONG 10
CN_CERNET_GUANGXI 11
CN_CERNET_GUIZHOU 12
CN_CERNET_HAINAN 13
CN_CERNET_HEBEI 14
CN_CERNET_HEILONGJIANG 15
CN_CERNET_HENAN 16
CN_CERNET_HUBEI 17
CN_CERNET_HUNAN 18
CN_CERNET_JIANGSU 19
CN_CERNET_JIANGXI 20
CN_CERNET_JILIN 21
CN_CERNET_LIAONING 22
CN_CERNET_NEIMENGGU 23
CN_CERNET_NINGXIA 24
CN_CERNET_QINGHAI 25
CN_CERNET_SHAANXI 26
CN_CERNET_SHANDONG 27
CN_CERNET_SHANGHAI 28
CN_CERNET_SHANXI 29
CN_CERNET_SICHUAN 30
CN_CERNET_TIANJIN 31
CN_CERNET_XICANG 32
CN_CERNET_XINJIANG 33
CN_CERNET_YUNNAN 34
CN_CERNET_ZHEJIANG 35
CN_CERNET_ZHONGQING 36
CN_CHINANET_ANHUI 37
CN_CHINANET_BEIJING 38
CN_CHINANET_FUJIAN 39
CN_CHINANET_GANSU 40
CN_CHINANET_GUANGDONG 41
CN_CHINANET_GUANGXI 42
CN_CHINANET_GUIZHOU 43
CN_CHINANET_HAINAN 44
CN_CHINANET_HEBEI 45
CN_CHINANET_HEILONGJIANG 46
CN_CHINANET_HENAN 47
CN_CHINANET_HUBEI 48
CN_CHINANET_HUNAN 49
CN_CHINANET_JIANGSU 50
CN_CHINANET_JIANGXI 51
CN_CHINANET_JILIN 52
CN_CHINANET_LIAONING 53
CN_CHINANET_NEIMENGGU 54
CN_CHINANET_NINGXIA 55
CN_CHINANET_QINGHAI 56
CN_CHINANET_SHAANXI 57
CN_CHINANET_SHANDONG 58
CN_CHINANET_SHANGHAI 59
CN_CHINANET_SHANXI 60
CN_CHINANET_SICHUAN 61
CN_CHINANET_TIANJIN 62
CN_CHINANET_XICANG 63
CN_CHINANET_XINJIANG 64
CN_CHINANET_YUNNAN 65
CN_CHINANET_ZHEJIANG 66
CN_CHINANET_ZHONGQING 67
CN_CMNET_ANHUI 68
CN_CMNET_BEIJING 69
CN_CMNET_FUJIAN 70
CN_CMNET_GANSU 71
CN_CMNET_GUANGDONG 72
CN_CMNET_GUANGXI 73
CN_CMNET_GUIZHOU 74
CN_CMNET_HAINAN 75
CN_CMNET_HEBEI 76
CN_CMNET_HEILONGJIANG 77
CN_CMNET_HENAN 78
CN_CMNET_HUBEI 79
CN_CMNET_HUNAN 80
CN_CMNET_JIANGSU 81
CN_CMNET_JIANGXI 82
CN_CMNET_JILIN 83
CN_CMNET_LIAONING 84
CN_CMNET_NEIMENGGU 85
CN_CMNET_NINGXIA 86
CN_CMNET_QINGHAI 87
CN_CMNET_SHAANXI 88
CN_CMNET_SHANDONG 89
CN_CMNET_SHANGHAI 90
CN_CMNET_SHANXI 91
CN_CMNET_SICHUAN 92
CN_CMNET_TIANJIN 93
CN_CMNET_XICANG 94
CN_CMNET_XINJIANG 95
CN_CMNET_YUNNAN 96
CN_CMNET_ZHEJIANG 97
CN_CMNET_ZHONGQING 98
CN_UNICOM_ANHUI 99
CN_UNICOM_BEIJING 100
CN_UNICOM_FUJIAN 101
CN_UNICOM_GANSU 102
CN_UNICOM_GUANGDONG 103
CN_UNICOM_GUANGXI 104
CN_UNICOM_GUIZHOU 105
CN_UNICOM_HAINAN 106
CN_UNICOM_HEBEI 107
CN_UNICOM_HEILONGJIANG 108
CN_UNICOM_HENAN 109
CN_UNICOM_HUBEI 110
CN_UNICOM_HUNAN 111
CN_UNICOM_JIANGSU 112
CN_UNICOM_JIANGXI 113
CN_UNICOM_JILIN 114
CN_UNICOM_LIAONING 115
CN_UNICOM_NEIMENGGU 116
CN_UNICOM_NINGXIA 117
CN_UNICOM_QINGHAI 118
CN_UNICOM_SHAANXI 119
CN_UNICOM_SHANDONG 120
CN_UNICOM_SHANGHAI 121
CN_UNICOM_SHANXI 122
CN_UNICOM_SICHUAN 123
CN_UNICOM_TIANJIN 124
CN_UNICOM_XICANG 125
CN_UNICOM_XINJIANG 126
CN_UNICOM_YUNNAN 127
CN_UNICOM_ZHEJIANG 128
CN_UNICOM_ZHONGQING 129
CH 130
ES 131
MY 132
AE 133
FR 134
RU 135
SE 136
MX 137
TH 138
SG 139
NL 140
VN 141
KH 142
GB 143
BR 144
JP 145
HK 146
MM 147
OVERSEA_OTHER 148
MV 149
MO 150
NP 151
TW 152
IN 153
SA 154
KR 155
IT 156
PH 157
ID 158
DE 159
AU 160
NZ 161
AR 162
ZA 163
AT 164
LA 165
CA 166
US 167
CN_PENGBOSHI_ANHUI 168
CN_PENGBOSHI_BEIJING 169
CN_PENGBOSHI_FUJIAN 170
CN_PENGBOSHI_GANSU 171
CN_PENGBOSHI_GUANGDONG 172
CN_PENGBOSHI_GUANGXI 173
CN_PENGBOSHI_GUIZHOU 174
CN_PENGBOSHI_HAINAN 175
CN_PENGBOSHI_HEBEI 176
CN_PENGBOSHI_HEILONGJIANG 177
CN_PENGBOSHI_HENAN 178
CN_PENGBOSHI_HUBEI 179
CN_PENGBOSHI_HUNAN 180
CN_PENGBOSHI_JIANGSU 181
CN_PENGBOSHI_JIANGXI 182
CN_PENGBOSHI_JILIN 183
CN_PENGBOSHI_LIAONING 184
CN_PENGBOSHI_NEIMENGGU 185
CN_PENGBOSHI_NINGXIA 186
CN_PENGBOSHI_QINGHAI 187
CN_PENGBOSHI_SHAANXI 188
CN_PENGBOSHI_SHANDONG 189
CN_PENGBOSHI_SHANGHAI 190
CN_PENGBOSHI_SHANXI 191
CN_PENGBOSHI_SICHUAN 192
CN_PENGBOSHI_TIANJIN 193
CN_PENGBOSHI_XICANG 194
CN_PENGBOSHI_XINJIANG 195
CN_PENGBOSHI_YUNNAN 196
CN_PENGBOSHI_ZHEJIANG 197
CN_PENGBOSHI_ZHONGQING 198
CN_BTVN_ANHUI 199
CN_BTVN_BEIJING 200
CN_BTVN_FUJIAN 201
CN_BTVN_GANSU 202
CN_BTVN_GUANGDONG 203
CN_BTVN_GUANGXI 204
CN_BTVN_GUIZHOU 205
CN_BTVN_HAINAN 206
CN_BTVN_HEBEI 207
CN_BTVN_HEILONGJIANG 208
CN_BTVN_HENAN 209
CN_BTVN_HUBEI 210
CN_BTVN_HUNAN 211
CN_BTVN_JIANGSU 212
CN_BTVN_JIANGXI 213
CN_BTVN_JILIN 214
CN_BTVN_LIAONING 215
CN_BTVN_NEIMENGGU 216
CN_BTVN_NINGXIA 217
CN_BTVN_QINGHAI 218
CN_BTVN_SHAANXI 219
CN_BTVN_SHANDONG 220
CN_BTVN_SHANGHAI 221
CN_BTVN_SHANXI 222
CN_BTVN_SICHUAN 223
CN_BTVN_TIANJIN 224
CN_BTVN_XICANG 225
CN_BTVN_XINJIANG 226
CN_BTVN_YUNNAN 227
CN_BTVN_ZHEJIANG 228
CN_BTVN_ZHONGQING 229
CN_TOPWAY 230
CN_FOUNDER 231
CN_OCN 232
CN_WASU 233
EG 234
NG 235
AO 236
GH 237
CI 238
KE 239
SC 240
DZ 241
CM 242
MA 243
SN 244
MN 245
PK 246
KP 247
KZ 248
UZ 249
TR 250
IR 251
IQ 252
IL 253
KW 254
LB 255
QA 256
CZ 257
BE 258
IE 259
DK 260
FI 261
IS 262
HU 263
PL 264
SK 265
BY 266
LT 267
UA 268
BG 269
HR 270
PT 271
RO 272
SI 273
FJ 274
PW 275
CO 276
VE 277
EC 278
PE 279
BO 280
CL 281
PY 282
UY 283
AFRICA_OTHER 284
ASIA_OTHER 285
EURO_OTHER 286
SAMERICA_OTHER 287
CN_OTHER_ANHUI 288
CN_OTHER_BEIJING 289
CN_OTHER_FUJIAN 290
CN_OTHER_GANSU 291
CN_OTHER_GUANGDONG 292
CN_OTHER_GUANGXI 293
CN_OTHER_GUIZHOU 294
CN_OTHER_HAINAN 295
CN_OTHER_HEBEI 296
CN_OTHER_HEILONGJIANG 297
CN_OTHER_HENAN 298
CN_OTHER_HUBEI 299
CN_OTHER_HUNAN 300
CN_OTHER_JIANGSU 301
CN_OTHER_JIANGXI 302
CN_OTHER_JILIN 303
CN_OTHER_LIAONING 304
CN_OTHER_NEIMENGGU 305
CN_OTHER_NINGXIA 306
CN_OTHER_QINGHAI 307
CN_OTHER_SHAANXI 308
CN_OTHER_SHANDONG 309
CN_OTHER_SHANGHAI 310
CN_OTHER_SHANXI 311
CN_OTHER_SICHUAN 312
CN_OTHER_TIANJIN 313
CN_OTHER_XICANG 314
CN_OTHER_XINJIANG 315
CN_OTHER_YUNNAN 316
CN_OTHER_ZHEJIANG 317
CN_OTHER_ZHONGQING 318
BH 319
OM 320
ALIYUN_R_AP_NORTHEAST_1 321
ALIYUN_R_AP_SOUTH_1 322
ALIYUN_R_AP_SOUTHEAST_1 323
ALIYUN_R_AP_SOUTHEAST_2 324
ALIYUN_R_AP_SOUTHEAST_3 325
ALIYUN_R_AP_SOUTHEAST_5 326
ALIYUN_R_CN_BEIJING 327
ALIYUN_R_CN_CHENGDU 328
ALIYUN_R_CN_GUANGZHOU 329
ALIYUN_R_CN_HANGZHOU 330
ALIYUN_R_CN_HEYUAN 331
ALIYUN_R_CN_HONGKONG 332
ALIYUN_R_CN_HUHEHAOTE 333
ALIYUN_R_CN_NANTONG 334
ALIYUN_R_CN_QINGDAO 335
ALIYUN_R_CN_SHANGHAI 336
ALIYUN_R_CN_SHENZHEN 337
ALIYUN_R_CN_WULANCHABU 338
ALIYUN_R_CN_ZHANGJIAKOU 339
ALIYUN_R_EU_CENTRAL_1 340
ALIYUN_R_EU_WEST_1 341
ALIYUN_R_ME_EAST_1 342
ALIYUN_R_US_EAST_1 343
ALIYUN_R_US_WEST_1 344
CU 345
SD 346
SS 347
SY 348
